// Jest Snapshot v1, https://goo.gl/fbAQLP

exports[`PanelTable should render collapsed 1`] = `
<DocumentFragment>
  <div
    style="opacity: 1; transition: all 0.3s ease-in 0s;"
  >
    <table
      class="css-vv52sx"
      style="padding: 10px 10px 10px; width: 100%; transition: .3s all; border-left: 2px solid #bf1650;"
    >
      <thead>
        <tr>
          <td
            style="width: 100px; line-height: 22px;"
            valign="top"
          >
            <button
              class="css-4vv12s"
              style="border: 1px solid #516391; border-radius: 2px; padding: 3px 5px; display: inline-block; font-size: 10px; line-height: 12px; width: 20px; text-align: center; margin-right: 10px;"
              title="Toggle field table"
              type="button"
            >
              +
            </button>
            <button
              class="css-4vv12s"
              style="border: 1px solid #516391; border-radius: 2px; padding: 3px 5px; display: inline-block; font-size: 10px; line-height: 12px; text-align: center; margin-right: 10px; cursor: not-allowed; background: rgb(81, 99, 145);"
              title="Scroll into view"
              type="button"
            >
              Custom
            </button>
          </td>
          <td
            style="display: block; max-width: 100px;"
          >
            <p
              style="margin: 0px; padding: 0px; font-size: 14px; line-height: 22px;"
            >
              test
            </p>
          </td>
        </tr>
      </thead>
    </table>
  </div>
</DocumentFragment>
`;
